100% from time 0 to 5 --- l: l
50% from time 0 to 4 --- k: k
14.2857% from time 2 to 3 --- d: d
12.5% from time 0 to 1 --- e: e
12.5% from time 0 to 1 --- f: f
12.5% from time 0 to 1 --- g: g
11.1111% from time 0 to 4 --- h: h
11.1111% from time 0 to 4 --- i: i
11.1111% from time 0 to 4 --- j: j
10% from time 0 to 2 --- c: c
0% from time 0 to 1 --- a: a
-10% from time 0 to 1 --- b: b
